20:14:38.2758-06:00 - INFO  - App.OnStartup - Begin Flow Launcher startup ----------------------------------------------------
20:14:38.2797-06:00 - INFO  - App.OnStartup - Runtime info:
Flow Launcher version: 2.1.2
OS Version: 26100.8457
IntPtr Length: 8
x64: True
20:14:38.2955-06:00 - INFO  - BinaryStorage.TryLoad - Cache file not exist, load default data
20:14:38.2955-06:00 - INFO  - CommunityPluginSource.FetchAsync - Loading plugins from https://fastly.jsdelivr.net/gh/Flow-Launcher/Flow.Launcher.PluginsManifest@main/plugins.json
20:14:38.3509-06:00 - INFO  - CommunityPluginSource.FetchAsync - Loading plugins from https://gcore.jsdelivr.net/gh/Flow-Launcher/Flow.Launcher.PluginsManifest@main/plugins.json
20:14:38.3509-06:00 - INFO  - CommunityPluginSource.FetchAsync - Loading plugins from https://cdn.jsdelivr.net/gh/Flow-Launcher/Flow.Launcher.PluginsManifest@main/plugins.json
20:14:38.3509-06:00 - INFO  - CommunityPluginSource.FetchAsync - Loading plugins from https://raw.githubusercontent.com/Flow-Launcher/Flow.Launcher.PluginsManifest/main/plugins.json
20:14:38.4151-06:00 - INFO  - ImageLoader.InitializeAsync - Preload images cost <1ms>
20:14:38.4151-06:00 - INFO  - ImageLoader.InitializeAsync - Number of preload images is <4>, Images Number: 4, Unique Items 4
20:14:38.6265-06:00 - INFO  - CommunityPluginSource.FetchAsync - Loaded 328 plugins from https://gcore.jsdelivr.net/gh/Flow-Launcher/Flow.Launcher.PluginsManifest@main/plugins.json
20:14:38.6265-06:00 - WARN  - CommunityPluginSource.FetchAsync - Failed to load resource https://cdn.jsdelivr.net/gh/Flow-Launcher/Flow.Launcher.PluginsManifest@main/plugins.json with response InternalServerError
20:14:38.6265-06:00 - WARN  - CommunityPluginSource.FetchAsync - Failed to load resource https://fastly.jsdelivr.net/gh/Flow-Launcher/Flow.Launcher.PluginsManifest@main/plugins.json with response InternalServerError
20:14:39.9340-06:00 - INFO  - App.OnStartup - End Flow Launcher startup ------------------------------------------------------
20:14:39.9340-06:00 - INFO  - App.OnStartup - Begin plugin initialization ----------------------------------------------------
20:14:40.0303-06:00 - INFO  - App.OnStartup - Startup cost <2017ms>
20:14:40.0413-06:00 - INFO  - PluginManager.InitializePluginsAsync - Total init cost for <URL> is <25ms>
20:14:40.0413-06:00 - INFO  - PluginManager.InitializePluginsAsync - Total init cost for <System Commands> is <11ms>
20:14:40.0413-06:00 - INFO  - PluginManager.InitializePluginsAsync - Total init cost for <Shell> is <12ms>
20:14:40.0413-06:00 - INFO  - PluginManager.InitializePluginsAsync - Total init cost for <Web Searches> is <18ms>
20:14:40.0413-06:00 - INFO  - PluginManager.InitializePluginsAsync - Total init cost for <Plugin Indicator> is <1ms>
20:14:40.0413-06:00 - INFO  - PluginManager.InitializePluginsAsync - Total init cost for <Process Killer> is <4ms>
20:14:40.0413-06:00 - INFO  - PluginManager.InitializePluginsAsync - Total init cost for <Plugins Manager> is <6ms>
20:14:40.0413-06:00 - INFO  - BinaryStorage.TryLoadAsync - Cache file not exist, load default data
20:14:40.0645-06:00 - INFO  - PluginManager.InitializePluginsAsync - Total init cost for <Calculator> is <35ms>
20:14:40.0742-06:00 - INFO  - PluginManager.InitializePluginsAsync - Total init cost for <Windows Settings> is <44ms>
20:14:40.0742-06:00 - INFO  - BinaryStorage.TryLoadAsync - Cache file not exist, load default data
20:14:40.0742-06:00 - INFO  - Main.InitAsync - Preload programs cost <34ms>
20:14:40.0742-06:00 - INFO  - Main.InitAsync - Number of preload win32 programs <0>
20:14:40.0742-06:00 - INFO  - Main.InitAsync - Number of preload uwps <0>
20:14:40.0742-06:00 - INFO  - PluginManager.InitializePluginsAsync - Total init cost for <Program> is <51ms>
20:14:40.0919-06:00 - INFO  - PluginManager.InitializePluginsAsync - Total init cost for <Explorer> is <54ms>
20:14:40.1113-06:00 - ERROR -  - ------------- BEGIN Flow.Launcher.Plugin.Program exception -------------
20:14:40.1113-06:00 - ERROR -  - 
Exception full name: System.IO.FileNotFoundException
Error status: UNKNOWN
Class name: Win32
Calling method: ExeProgram
Program path: C:\Program Files\Adobe\Acrobat DC\Acrobat\Acrobat.exe
InnerException number: 1
Exception message: C:\Program Files\Adobe\Acrobat DC\Acrobat\Acrobat.exe
Exception error type: HResult -2147024894
Exception thrown in called method: System.Diagnostics.FileVersionInfo GetVersionInfo(System.String)
Possible interpretation of the error: File not found when trying to load the program from C:\Program Files\Adobe\Acrobat DC\Acrobat\Acrobat.exe
Possible resolution: Not yet known
20:14:40.1113-06:00 - ERROR -  - ------------- END Flow.Launcher.Plugin.Program exception -------------
20:14:40.1113-06:00 - ERROR -  - ------------- BEGIN Flow.Launcher.Plugin.Program exception -------------
20:14:40.1113-06:00 - ERROR -  - 
Exception full name: System.IO.FileNotFoundException
Error status: UNKNOWN
Class name: Win32
Calling method: ExeProgram
Program path: C:\Program Files\Adobe\Acrobat DC\Acrobat\AcrobatInfo.exe
InnerException number: 1
Exception message: C:\Program Files\Adobe\Acrobat DC\Acrobat\AcrobatInfo.exe
Exception error type: HResult -2147024894
Exception thrown in called method: System.Diagnostics.FileVersionInfo GetVersionInfo(System.String)
Possible interpretation of the error: File not found when trying to load the program from C:\Program Files\Adobe\Acrobat DC\Acrobat\AcrobatInfo.exe
Possible resolution: Not yet known
20:14:40.1113-06:00 - ERROR -  - ------------- END Flow.Launcher.Plugin.Program exception -------------
20:14:40.2880-06:00 - INFO  - PluginManager.InitializePluginsAsync - Total init cost for <Browser Bookmarks> is <262ms>
20:14:40.9029-06:00 - INFO  - App.OnStartup - End plugin initialization ------------------------------------------------------
20:14:40.9029-06:00 - INFO  - App.OnStartup - Startup cost <969ms>
20:14:44.0127-06:00 - INFO  - Main.IndexProgramsAsync - UWPProgram index cost <3930ms>
20:14:47.6106-06:00 - ERROR -  - ------------- BEGIN Flow.Launcher.Plugin.Program exception -------------
20:14:47.6106-06:00 - ERROR -  - 
Exception full name: System.Runtime.InteropServices.COMException
Error status: UNKNOWN
Class name: IShellLinkW
Calling method: retrieveTargetPath
Program path: C:\ProgramData\Microsoft\Windows\Start Menu\Programs\Accessories\Windows Media Player Legacy.lnk
InnerException number: 1
Exception message: Unexpected HRESULT has been returned from a call to a COM component.
Exception error type: HResult -2147467259
Exception thrown in called method: Void GetDescription(Windows.Win32.Foundation.PWSTR, Int32)
Possible interpretation of the error: Error caused likely due to trying to get the description of the program
Possible resolution: Not yet known
20:14:47.6106-06:00 - ERROR -  - ------------- END Flow.Launcher.Plugin.Program exception -------------
20:14:58.5511-06:00 - INFO  - Main.IndexProgramsAsync - Win32Program index cost <18468ms>
20:17:03.8609-06:00 - ERROR - AutoStartup.UnscheduleLogonTask - Failed to unschedule logon task: System.IO.FileNotFoundException: The system cannot find the file specified. (0x80070002)
   at Microsoft.Win32.TaskScheduler.V2Interop.ITaskFolder.DeleteTask(String Name, Int32 flags)
   at Microsoft.Win32.TaskScheduler.TaskFolder.DeleteTask(String name, Boolean exceptionOnNotExists)
   at Flow.Launcher.Helper.AutoStartup.UnscheduleLogonTask() in C:\projects\flow-launcher\Flow.Launcher\Helper\AutoStartup.cs:line 209
22:06:46.9058-06:00 - ERROR -  - ------------- BEGIN Flow.Launcher.Plugin.Program exception -------------
22:06:46.9558-06:00 - ERROR -  - 
Exception full name: System.IO.FileNotFoundException
Error status: UNKNOWN
Class name: Win32
Calling method: ExeProgram
Program path: C:\Program Files\Adobe\Acrobat DC\Acrobat\Acrobat.exe
InnerException number: 1
Exception message: C:\Program Files\Adobe\Acrobat DC\Acrobat\Acrobat.exe
Exception error type: HResult -2147024894
Exception thrown in called method: System.Diagnostics.FileVersionInfo GetVersionInfo(System.String)
Possible interpretation of the error: File not found when trying to load the program from C:\Program Files\Adobe\Acrobat DC\Acrobat\Acrobat.exe
Possible resolution: Not yet known
22:06:46.9558-06:00 - ERROR -  - ------------- END Flow.Launcher.Plugin.Program exception -------------
22:06:46.9558-06:00 - ERROR -  - ------------- BEGIN Flow.Launcher.Plugin.Program exception -------------
22:06:46.9558-06:00 - ERROR -  - 
Exception full name: System.IO.FileNotFoundException
Error status: UNKNOWN
Class name: Win32
Calling method: ExeProgram
Program path: C:\Program Files\Adobe\Acrobat DC\Acrobat\AcrobatInfo.exe
InnerException number: 1
Exception message: C:\Program Files\Adobe\Acrobat DC\Acrobat\AcrobatInfo.exe
Exception error type: HResult -2147024894
Exception thrown in called method: System.Diagnostics.FileVersionInfo GetVersionInfo(System.String)
Possible interpretation of the error: File not found when trying to load the program from C:\Program Files\Adobe\Acrobat DC\Acrobat\AcrobatInfo.exe
Possible resolution: Not yet known
22:06:46.9558-06:00 - ERROR -  - ------------- END Flow.Launcher.Plugin.Program exception -------------
22:06:50.4547-06:00 - ERROR -  - ------------- BEGIN Flow.Launcher.Plugin.Program exception -------------
22:06:50.4547-06:00 - ERROR -  - 
Exception full name: System.Runtime.InteropServices.COMException
Error status: UNKNOWN
Class name: IShellLinkW
Calling method: retrieveTargetPath
Program path: C:\ProgramData\Microsoft\Windows\Start Menu\Programs\Accessories\Windows Media Player Legacy.lnk
InnerException number: 1
Exception message: Unexpected HRESULT has been returned from a call to a COM component.
Exception error type: HResult -2147467259
Exception thrown in called method: Void GetDescription(Windows.Win32.Foundation.PWSTR, Int32)
Possible interpretation of the error: Error caused likely due to trying to get the description of the program
Possible resolution: Not yet known
22:06:50.4547-06:00 - ERROR -  - ------------- END Flow.Launcher.Plugin.Program exception -------------
